Warning: Teleporting vehicle '376'; waited too long (yield), lane='30648044#4_0', time=931.000.
Warning: Vehicle '376' teleports beyond arrival edge '-30648044#4', time=932.000.
Warning: Teleporting vehicle '380'; waited too long (jam), lane=':1561880309_4_0', time=939.000.
Warning: Vehicle '380' ends teleporting on edge '402968136#4', time=939.000.
Warning: Teleporting vehicle '1142'; waited too long (jam), lane=':1561880397_7_0', time=2026.000.
Warning: Vehicle '1142' ends teleporting on edge '402968136#3', time=2026.000.
Warning: Teleporting vehicle '1141'; waited too long (yield), lane='-30648046#2_0', time=2027.000.
Warning: Vehicle '1141' ends teleporting on edge '402968141#8', time=2027.000.
Warning: Teleporting vehicle '1151'; waited too long (jam), lane=':1561880397_4_0', time=2329.000.
Warning: Vehicle '1151' ends teleporting on edge '402968136#3', time=2329.000.
Warning: Teleporting vehicle '1027'; waited too long (yield), lane='30648046#2_0', time=2330.000.
Warning: Vehicle '1027' ends teleporting on edge '30648046#3', time=2330.000.
Warning: Teleporting vehicle '1266'; waited too long (yield), lane='-30648046#3_0', time=2334.000.
Warning: Teleporting vehicle '1266'; waited too long (yield), lane='-30648046#2_0', time=2636.000.
Warning: Teleporting vehicle '1341'; waited too long (jam), lane='402968136#1_0', time=2643.000.
Warning: Teleporting vehicle '1169'; waited too long (jam), lane=':4125318247_7_0', time=2643.000.
Warning: Teleporting vehicle '2311'; waited too long (wrong lane), lane='30621470_1', time=3788.000.
Warning: Vehicle '2305' teleports beyond arrival edge '402968141#5', time=4074.000.
Warning: Vehicle '2047' teleports beyond arrival edge '402968141#9', time=4662.000.
Warning: Vehicle '3198' teleports beyond arrival edge '402968141#4', time=5353.000.
Warning: Teleporting vehicle '3390'; waited too long (wrong lane), lane='307152128#0_1', time=5541.000.
Warning: Teleporting vehicle '3377'; waited too long (wrong lane), lane='307152128#0_1', time=5844.000.
Warning: Teleporting vehicle '3402'; waited too long (wrong lane), lane='307152128#0_1', time=6148.000.
Warning: Vehicle '2521' teleports beyond arrival edge '665897583', time=6265.000.
Warning: Teleporting vehicle '3496'; waited too long (wrong lane), lane='307152128#0_1', time=6495.000.
Warning: 389 total messages of type: Teleporting vehicle '%'; waited too long (jam), lane='%', time=%.
Warning: 22 total messages of type: Teleporting vehicle '%'; waited too long (wrong lane), lane='%', time=%.
Warning: 270 total messages of type: Teleporting vehicle '%'; waited too long (yield), lane='%', time=%.
Warning: 668 total messages of type: Vehicle '%' ends teleporting on edge '%', time=%.
Warning: 13 total messages of type: Vehicle '%' teleports beyond arrival edge '%', time=%.
